// Jest Snapshot v1, https://goo.gl/fbAQLP

exports[`The Cart Item Display Should match the snapshot 1`] = `
<div>
  <div>
    item1
     - 
    1
     (SALE!)
  </div>
  <div>
    item2
     - 
    2
     (SALE!)
  </div>
</div>
`;
